interactions:
- request:
    body: !!python/unicode username=admin&password=avi123%24%25
    headers:
      Content-Length: ['36']
      Content-Type: [application/x-www-form-urlencoded]
    method: POST
    uri: https://10.10.28.132/login
  response:
    body: {string: !!python/unicode '{"user_initialized": true, "system_config": {"url":
        "/api/systemconfiguration", "uuid": "default", "_last_modified": "1532007671779093",
        "email_configuration": {"from_email": "admin@avicontroller.net", "mail_server_port":
        25, "smtp_type": "SMTP_LOCAL_HOST", "mail_server_name": "localhost"}, "global_tenant_config":
        {"se_in_provider_context": true, "tenant_access_to_provider_se": true, "tenant_vrf":
        false}, "dns_configuration": {"search_domain": ""}, "ssh_hmacs": ["hmac-sha2-512-etm@openssh.com",
        "hmac-sha2-256-etm@openssh.com", "umac-128-etm@openssh.com", "hmac-sha2-512"],
        "docker_mode": false, "snmp_configuration": {"version": "SNMP_VER2", "sys_contact":
        "support@avinetworks.com", "community": "<sensitive>"}, "portal_configuration":
        {"use_uuid_from_input": false, "redirect_to_https": true, "sslprofile_ref":
        "/api/sslprofile/sslprofile-c35f2815-d4ae-4488-9d6b-d71f234c6fb8", "sslkeyandcertificate_refs":
        ["/api/sslkeyandcertificate/sslkeyandcertificate-3b24623b-3718-43a1-bb83-ee458d069414",
        "/api/sslkeyandcertificate/sslkeyandcertificate-ae5d9ff6-e2fe-4d2c-b0b8-249f32dc2859"],
        "enable_clickjacking_protection": true, "enable_https": true, "disable_remote_cli_shell":
        false, "password_strength_check": true, "enable_http": true, "allow_basic_authentication":
        false}, "ntp_configuration": {"ntp_servers": [{"server": {"type": "DNS", "addr":
        "0.us.pool.ntp.org"}}, {"server": {"type": "DNS", "addr": "1.us.pool.ntp.org"}},
        {"server": {"type": "DNS", "addr": "2.us.pool.ntp.org"}}, {"server": {"type":
        "DNS", "addr": "3.us.pool.ntp.org"}}]}, "ssh_ciphers": ["aes128-ctr", "aes256-ctr",
        "arcfour256", "arcfour128"], "default_license_tier": "ENTERPRISE_18"}, "controller":
        {"api_idle_timeout": 15}, "version": {"Product": "controller", "Version":
        "18.1.3", "build": 9010, "Tag": "18.1.3-9010-20180629.083110", "Date": "2018-06-29T08:31:10+00:00",
        "min_version": 15.2, "ProductName": "Avi Cloud Controller"}, "user": {"username":
        "admin", "name": "admin", "is_superuser": true, "full_name": "System Administrator",
        "ui_property": "{\"defaultTimeframe\":\"6h\",\"valuesToDisplay\":\"avg\",\"sideRailOpen\":true,\"logs\":{\"savedSearch\":[],\"sidebarActiveTab\":\"1\"},\"appDashboard\":{\"viewType\":\"list\"},\"grid\":{}}",
        "local": true, "email": "", "default_tenant_ref": "https://10.10.28.132/api/tenant/admin"},
        "tenants": [{"url": "https://10.10.28.132/api/tenant/admin", "uuid": "admin",
        "name": "admin", "local": true}], "session_cookie_name": "avi-sessionid"}'}
    headers:
      access-control-allow-credentials: ['true']
      access-control-allow-headers: ['Accept,Authorization,Cache-Control,Content-Type,DNT,If-Modified-Since,Keep-Alive,Origin,User-Agent,X-Mx-ReqToken,X-Requested-With,X-Avi-Tenant,X-Avi-UserAgent,X-Avi-Tenant-UUID,X-CSRFToken']
      access-control-allow-methods: ['GET, POST, PUT, DELETE, OPTIONS']
      allow: ['POST, OPTIONS']
      avi_api_version: ['16_4_2']
      cache-control: ['private, no-cache, must-revalidate']
      connection: [keep-alive]
      content-security-policy: [default-src 'self'; style-src 'self' 'unsafe-inline']
      content-type: [application/json]
      date: ['Thu, 19 Jul 2018 14:28:13 GMT']
      set-cookie: ['csrftoken=UQoos5JAzbQ82eHMNR8mpBsYmIo2Y2en; expires=Thu, 18-Jul-2019
          14:28:13 GMT; Max-Age=31449600; Path=/; secure', 'sessionid=mbt4rw5wr2qif4bcjy0eu5ba3ag82yud;
          expires=Fri, 20-Jul-2018 14:28:13 GMT; httponly; Max-Age=86400; Path=/;
          secure', 'avi-sessionid=mbt4rw5wr2qif4bcjy0eu5ba3ag82yud; expires=Fri, 20-Jul-2018
          14:28:13 GMT; httponly; Max-Age=86400; Path=/; secure']
      strict-transport-security: [max-age=31536000; includeSubdomains]
      vary: ['Accept, Cookie']
      x-content-type-options: [nosniff]
      x-frame-options: [SAMEORIGIN]
      x-xss-protection: [1; mode=block]
    status: {code: 200, message: OK}
- request:
    body: null
    headers:
      Content-Type: [application/json]
      Cookie: ['[<Cookie csrftoken=UQoos5JAzbQ82eHMNR8mpBsYmIo2Y2en for 10.10.28.132/>,
          <Cookie sessionid=mbt4rw5wr2qif4bcjy0eu5ba3ag82yud for 10.10.28.132/>]']
      Referer: ['https://10.10.28.132']
      X-Avi-Tenant: [admin]
      X-Avi-Version: [18.1.3]
      X-CSRFToken: [UQoos5JAzbQ82eHMNR8mpBsYmIo2Y2en]
      timeout: ['300']
    method: GET
    uri: https://10.10.28.132/api/alertconfig?include_refs=&include_name=&name=Test-System-SSL-Alert
  response:
    body: {string: !!python/unicode '{"count": 0, "results": []}'}
    headers:
      access-control-allow-credentials: ['true']
      access-control-allow-headers: ['Accept,Authorization,Cache-Control,Content-Type,DNT,If-Modified-Since,Keep-Alive,Origin,User-Agent,X-Mx-ReqToken,X-Requested-With,X-Avi-Tenant,X-Avi-UserAgent,X-Avi-Tenant-UUID,X-CSRFToken']
      access-control-allow-methods: ['GET, POST, PUT, DELETE, OPTIONS']
      allow: ['HEAD, GET, POST, OPTIONS']
      avi_api_version: [18.1.3]
      cache-control: ['private, no-cache, must-revalidate']
      connection: [keep-alive]
      content-security-policy: [default-src 'self'; style-src 'self' 'unsafe-inline']
      content-type: [application/json]
      date: ['Thu, 19 Jul 2018 14:28:14 GMT']
      set-cookie: ['sessionid=mbt4rw5wr2qif4bcjy0eu5ba3ag82yud; expires=Fri, 20-Jul-2018
          14:28:14 GMT; httponly; Max-Age=86400; Path=/; secure', 'avi-sessionid=mbt4rw5wr2qif4bcjy0eu5ba3ag82yud;
          expires=Fri, 20-Jul-2018 14:28:14 GMT; httponly; Max-Age=86400; Path=/;
          secure']
      strict-transport-security: [max-age=31536000; includeSubdomains]
      vary: ['Accept, Cookie']
      x-content-type-options: [nosniff]
      x-frame-options: [SAMEORIGIN]
      x-xss-protection: [1; mode=block]
    status: {code: 200, message: OK}
- request:
    body: !!python/unicode '{"enabled": true, "threshold": 1, "category": "REALTIME",
      "expiry_time": 86400, "source": "EVENT_LOGS", "alert_rule": {"operator": "OPERATOR_OR",
      "sys_event_rule": [{"event_id": "SSL_CERT_EXPIRE", "not_cond": false}, {"event_id":
      "SSL_CERT_RENEW", "not_cond": false}, {"event_id": "SSL_CERT_RENEW_FAILED",
      "not_cond": false}]}, "throttle": 0, "name": "Test-System-SSL-Alert", "tenant_ref":
      "/api/tenant/?name=admin", "summary": "System-SSL-Alert System Alert Triggered",
      "rolling_window": 300, "action_group_ref": "/api/actiongroupconfig/?name=System-Alert-Level-Medium"}'
    headers:
      Content-Length: ['571']
      Content-Type: [application/json]
      Cookie: ['[<Cookie csrftoken=UQoos5JAzbQ82eHMNR8mpBsYmIo2Y2en for 10.10.28.132/>,
          <Cookie sessionid=mbt4rw5wr2qif4bcjy0eu5ba3ag82yud for 10.10.28.132/>]']
      Referer: ['https://10.10.28.132']
      X-Avi-Tenant: [admin]
      X-Avi-Version: [18.1.3]
      X-CSRFToken: [UQoos5JAzbQ82eHMNR8mpBsYmIo2Y2en]
      timeout: ['300']
    method: POST
    uri: https://10.10.28.132/api/alertconfig
  response:
    body: {string: !!python/unicode '{"url": "https://10.10.28.132/api/alertconfig/alertconfig-fb2f16e3-7e66-47da-bb00-19c4bfd366c2#Test-System-SSL-Alert",
        "uuid": "alertconfig-fb2f16e3-7e66-47da-bb00-19c4bfd366c2", "name": "Test-System-SSL-Alert",
        "enabled": true, "tenant_ref": "https://10.10.28.132/api/tenant/admin#admin",
        "_last_modified": "1532010494490549", "category": "REALTIME", "expiry_time":
        86400, "summary": "System-SSL-Alert System Alert Triggered", "rolling_window":
        300, "source": "EVENT_LOGS", "alert_rule": {"operator": "OPERATOR_OR", "sys_event_rule":
        [{"event_id": "SSL_CERT_EXPIRE", "not_cond": false}, {"event_id": "SSL_CERT_RENEW",
        "not_cond": false}, {"event_id": "SSL_CERT_RENEW_FAILED", "not_cond": false}]},
        "threshold": 1, "throttle": 0, "action_group_ref": "https://10.10.28.132/api/actiongroupconfig/actiongroupconfig-b4f2a0be-63c7-4d8f-b642-aaea8f39a999#System-Alert-Level-Medium"}'}
    headers:
      access-control-allow-credentials: ['true']
      access-control-allow-headers: ['Accept,Authorization,Cache-Control,Content-Type,DNT,If-Modified-Since,Keep-Alive,Origin,User-Agent,X-Mx-ReqToken,X-Requested-With,X-Avi-Tenant,X-Avi-UserAgent,X-Avi-Tenant-UUID,X-CSRFToken']
      access-control-allow-methods: ['GET, POST, PUT, DELETE, OPTIONS']
      allow: ['HEAD, GET, POST, OPTIONS']
      avi_api_version: [18.1.3]
      cache-control: ['private, no-cache, must-revalidate']
      connection: [keep-alive]
      content-security-policy: [default-src 'self'; style-src 'self' 'unsafe-inline']
      content-type: [application/json]
      date: ['Thu, 19 Jul 2018 14:28:14 GMT']
      location: ['https://10.10.28.132/api/alertconfig/alertconfig-fb2f16e3-7e66-47da-bb00-19c4bfd366c2#Test-System-SSL-Alert']
      set-cookie: ['sessionid=mbt4rw5wr2qif4bcjy0eu5ba3ag82yud; expires=Fri, 20-Jul-2018
          14:28:14 GMT; httponly; Max-Age=86400; Path=/; secure', 'avi-sessionid=mbt4rw5wr2qif4bcjy0eu5ba3ag82yud;
          expires=Fri, 20-Jul-2018 14:28:14 GMT; httponly; Max-Age=86400; Path=/;
          secure']
      strict-transport-security: [max-age=31536000; includeSubdomains]
      vary: ['Accept, Cookie']
      x-content-type-options: [nosniff]
      x-frame-options: [SAMEORIGIN]
      x-xss-protection: [1; mode=block]
    status: {code: 201, message: CREATED}
version: 1
