interactions:
- request:
    body: !!python/unicode username=admin&password=avi123%24%25
    headers:
      Content-Length: ['36']
      Content-Type: [application/x-www-form-urlencoded]
    method: POST
    uri: https://10.10.28.132/login
  response:
    body: {string: !!python/unicode '{"user_initialized": true, "system_config": {"url":
        "/api/systemconfiguration", "uuid": "default", "_last_modified": "1532010698852152",
        "email_configuration": {"from_email": "admin@avi.com", "mail_server_port":
        25, "smtp_type": "SMTP_LOCAL_HOST", "mail_server_name": "localhost"}, "global_tenant_config":
        {"se_in_provider_context": true, "tenant_access_to_provider_se": true, "tenant_vrf":
        false}, "dns_configuration": {"search_domain": "", "server_list": [{"type":
        "V4", "addr": "10.10.0.100"}]}, "default_license_tier": "ENTERPRISE_18", "docker_mode":
        false, "portal_configuration": {"use_uuid_from_input": false, "redirect_to_https":
        true, "sslprofile_ref": "/api/sslprofile/sslprofile-c35f2815-d4ae-4488-9d6b-d71f234c6fb8",
        "sslkeyandcertificate_refs": ["/api/sslkeyandcertificate/sslkeyandcertificate-3b24623b-3718-43a1-bb83-ee458d069414",
        "/api/sslkeyandcertificate/sslkeyandcertificate-ae5d9ff6-e2fe-4d2c-b0b8-249f32dc2859"],
        "enable_clickjacking_protection": true, "enable_https": true, "disable_remote_cli_shell":
        false, "password_strength_check": false, "enable_http": false, "allow_basic_authentication":
        true}, "ntp_configuration": {"ntp_servers": [{"server": {"type": "DNS", "addr":
        "0.us.pool.ntp.org"}}, {"server": {"type": "DNS", "addr": "1.us.pool.ntp.org"}},
        {"server": {"type": "DNS", "addr": "2.us.pool.ntp.org"}}, {"server": {"type":
        "DNS", "addr": "3.us.pool.ntp.org"}}]}}, "controller": {"api_idle_timeout":
        15}, "version": {"Product": "controller", "Version": "18.1.3", "build": 9010,
        "Tag": "18.1.3-9010-20180629.083110", "Date": "2018-06-29T08:31:10+00:00",
        "min_version": 15.2, "ProductName": "Avi Cloud Controller"}, "user": {"username":
        "admin", "name": "admin", "is_superuser": true, "full_name": "System Administrator",
        "ui_property": "{\"defaultTimeframe\":\"6h\",\"valuesToDisplay\":\"avg\",\"sideRailOpen\":true,\"logs\":{\"savedSearch\":[],\"sidebarActiveTab\":\"1\"},\"appDashboard\":{\"viewType\":\"list\"},\"grid\":{}}",
        "local": true, "email": "", "default_tenant_ref": "https://10.10.28.132/api/tenant/admin"},
        "tenants": [{"url": "https://10.10.28.132/api/tenant/admin", "uuid": "admin",
        "name": "admin", "local": true}], "session_cookie_name": "avi-sessionid"}'}
    headers:
      access-control-allow-credentials: ['true']
      access-control-allow-headers: ['Accept,Authorization,Cache-Control,Content-Type,DNT,If-Modified-Since,Keep-Alive,Origin,User-Agent,X-Mx-ReqToken,X-Requested-With,X-Avi-Tenant,X-Avi-UserAgent,X-Avi-Tenant-UUID,X-CSRFToken']
      access-control-allow-methods: ['GET, POST, PUT, DELETE, OPTIONS']
      allow: ['POST, OPTIONS']
      avi_api_version: ['16_4_2']
      cache-control: ['private, no-cache, must-revalidate']
      connection: [keep-alive]
      content-security-policy: [default-src 'self'; style-src 'self' 'unsafe-inline']
      content-type: [application/json]
      date: ['Thu, 19 Jul 2018 14:32:09 GMT']
      set-cookie: ['csrftoken=Me9IpGrGBX2LPYJnB87SD73V9J16dEyh; expires=Thu, 18-Jul-2019
          14:32:09 GMT; Max-Age=31449600; Path=/; secure', 'sessionid=dxwitzknyhk8toj7f5uk8bf41koxzzgn;
          expires=Fri, 20-Jul-2018 14:32:09 GMT; httponly; Max-Age=86400; Path=/;
          secure', 'avi-sessionid=dxwitzknyhk8toj7f5uk8bf41koxzzgn; expires=Fri, 20-Jul-2018
          14:32:09 GMT; httponly; Max-Age=86400; Path=/; secure']
      strict-transport-security: [max-age=31536000; includeSubdomains]
      vary: ['Accept, Cookie']
      x-content-type-options: [nosniff]
      x-frame-options: [SAMEORIGIN]
      x-xss-protection: [1; mode=block]
    status: {code: 200, message: OK}
- request:
    body: null
    headers:
      Content-Type: [application/json]
      Cookie: ['[<Cookie csrftoken=Me9IpGrGBX2LPYJnB87SD73V9J16dEyh for 10.10.28.132/>,
          <Cookie sessionid=dxwitzknyhk8toj7f5uk8bf41koxzzgn for 10.10.28.132/>]']
      Referer: ['https://10.10.28.132']
      X-Avi-Tenant: [admin]
      X-Avi-Version: [18.1.3]
      X-CSRFToken: [Me9IpGrGBX2LPYJnB87SD73V9J16dEyh]
      timeout: ['300']
    method: GET
    uri: https://10.10.28.132/api/pool?include_refs=&include_name=&name=storage1ed1svc1.cs.qai-8080-pool
  response:
    body: {string: !!python/unicode '{"count": 0, "results": []}'}
    headers:
      access-control-allow-credentials: ['true']
      access-control-allow-headers: ['Accept,Authorization,Cache-Control,Content-Type,DNT,If-Modified-Since,Keep-Alive,Origin,User-Agent,X-Mx-ReqToken,X-Requested-With,X-Avi-Tenant,X-Avi-UserAgent,X-Avi-Tenant-UUID,X-CSRFToken']
      access-control-allow-methods: ['GET, POST, PUT, DELETE, OPTIONS']
      allow: ['HEAD, GET, POST, OPTIONS']
      avi_api_version: [18.1.3]
      cache-control: ['private, no-cache, must-revalidate']
      connection: [keep-alive]
      content-security-policy: [default-src 'self'; style-src 'self' 'unsafe-inline']
      content-type: [application/json]
      date: ['Thu, 19 Jul 2018 14:32:09 GMT']
      set-cookie: ['sessionid=dxwitzknyhk8toj7f5uk8bf41koxzzgn; expires=Fri, 20-Jul-2018
          14:32:09 GMT; httponly; Max-Age=86400; Path=/; secure', 'avi-sessionid=dxwitzknyhk8toj7f5uk8bf41koxzzgn;
          expires=Fri, 20-Jul-2018 14:32:09 GMT; httponly; Max-Age=86400; Path=/;
          secure']
      strict-transport-security: [max-age=31536000; includeSubdomains]
      vary: ['Accept, Cookie']
      x-content-type-options: [nosniff]
      x-frame-options: [SAMEORIGIN]
      x-xss-protection: [1; mode=block]
    status: {code: 200, message: OK}
- request:
    body: !!python/unicode '{"lb_algorithm": "LB_ALGORITHM_LEAST_CONNECTIONS", "tenant_ref":
      "/api/tenant/?name=admin", "servers": [{"ip": {"type": "V4", "addr": "10.229.68.71"},
      "hostname": "storage1ed1svc1.cs.qai", "enabled": "True", "port": "8080"}], "health_monitor_refs":
      [], "name": "storage1ed1svc1.cs.qai-8080-pool"}'
    headers:
      Content-Length: ['296']
      Content-Type: [application/json]
      Cookie: ['[<Cookie csrftoken=Me9IpGrGBX2LPYJnB87SD73V9J16dEyh for 10.10.28.132/>,
          <Cookie sessionid=dxwitzknyhk8toj7f5uk8bf41koxzzgn for 10.10.28.132/>]']
      Referer: ['https://10.10.28.132']
      X-Avi-Tenant: [admin]
      X-Avi-Version: [18.1.3]
      X-CSRFToken: [Me9IpGrGBX2LPYJnB87SD73V9J16dEyh]
      timeout: ['300']
    method: POST
    uri: https://10.10.28.132/api/pool
  response:
    body: {string: !!python/unicode '{"url": "https://10.10.28.132/api/pool/pool-0ac5f5ff-4f4e-4b17-bb0a-130378c71be0#storage1ed1svc1.cs.qai-8080-pool",
        "uuid": "pool-0ac5f5ff-4f4e-4b17-bb0a-130378c71be0", "name": "storage1ed1svc1.cs.qai-8080-pool",
        "enabled": true, "tenant_ref": "https://10.10.28.132/api/tenant/admin#admin",
        "cloud_ref": "https://10.10.28.132/api/cloud/cloud-598f4c99-fbea-45eb-b680-378007ed6b46#Default-Cloud",
        "_last_modified": "1532010729931767", "lb_algorithm": "LB_ALGORITHM_LEAST_CONNECTIONS",
        "use_service_port": false, "rewrite_host_header_to_server_name": false, "host_check_enabled":
        false, "rewrite_host_header_to_sni": false, "capacity_estimation": false,
        "servers": [{"ratio": 1, "ip": {"type": "V4", "addr": "10.229.68.71"}, "hostname":
        "storage1ed1svc1.cs.qai", "enabled": true, "verify_network": false, "static":
        false, "resolve_server_by_dns": false, "rewrite_host_header": false, "port":
        8080}], "fewest_tasks_feedback_delay": 10, "capacity_estimation_ttfb_thresh":
        0, "lookup_server_by_name": false, "lb_algorithm_hash": "LB_ALGORITHM_CONSISTENT_HASH_SOURCE_IP_ADDRESS",
        "lb_algorithm_core_nonaffinity": 2, "vrf_ref": "https://10.10.28.132/api/vrfcontext/vrfcontext-ff0c4f1e-a592-48f9-a7c1-9e71ccaf3dbd#global",
        "inline_health_monitor": true, "default_server_port": 80, "request_queue_depth":
        128, "graceful_disable_timeout": 1, "server_count": 1, "sni_enabled": true,
        "request_queue_enabled": false, "max_concurrent_connections_per_server": 0,
        "connection_ramp_duration": 10}'}
    headers:
      access-control-allow-credentials: ['true']
      access-control-allow-headers: ['Accept,Authorization,Cache-Control,Content-Type,DNT,If-Modified-Since,Keep-Alive,Origin,User-Agent,X-Mx-ReqToken,X-Requested-With,X-Avi-Tenant,X-Avi-UserAgent,X-Avi-Tenant-UUID,X-CSRFToken']
      access-control-allow-methods: ['GET, POST, PUT, DELETE, OPTIONS']
      allow: ['HEAD, GET, POST, OPTIONS']
      avi_api_version: [18.1.3]
      cache-control: ['private, no-cache, must-revalidate']
      connection: [keep-alive]
      content-security-policy: [default-src 'self'; style-src 'self' 'unsafe-inline']
      content-type: [application/json]
      date: ['Thu, 19 Jul 2018 14:32:10 GMT']
      location: ['https://10.10.28.132/api/pool/pool-0ac5f5ff-4f4e-4b17-bb0a-130378c71be0#storage1ed1svc1.cs.qai-8080-pool']
      set-cookie: ['sessionid=dxwitzknyhk8toj7f5uk8bf41koxzzgn; expires=Fri, 20-Jul-2018
          14:32:10 GMT; httponly; Max-Age=86400; Path=/; secure', 'avi-sessionid=dxwitzknyhk8toj7f5uk8bf41koxzzgn;
          expires=Fri, 20-Jul-2018 14:32:10 GMT; httponly; Max-Age=86400; Path=/;
          secure']
      strict-transport-security: [max-age=31536000; includeSubdomains]
      vary: ['Accept, Cookie']
      x-content-type-options: [nosniff]
      x-frame-options: [SAMEORIGIN]
      x-xss-protection: [1; mode=block]
    status: {code: 201, message: CREATED}
version: 1
